
> laborait-app@0.1.0 build
> next build

Γû▓ Next.js 16.2.1 (Turbopack)

  Creating an optimized production build ...
Γ£ô Compiled successfully in 1454ms
  Running TypeScript ...
  Finished TypeScript in 2.1s ...
  Collecting page data using 7 workers ...
  Generating static pages using 7 workers (0/6) ...
  Generating static pages using 7 workers (1/6) 
  Generating static pages using 7 workers (2/6) 
  Generating static pages using 7 workers (4/6) 
Γ£ô Generating static pages using 7 workers (6/6) in 504ms
  Finalizing page optimization ...

Route (app)
Γöî Γùï /
Γö£ Γùï /_not-found
Γö£ Γùï /privacidad
Γöö Γùï /terminos


Γùï  (Static)  prerendered as static content

